// Jest Snapshot v1, https://goo.gl/fbAQLP

exports[`Home page renders 1`] = `
<div
  className="w-screen h-screen"
>
  <main
    className="w-full h-full flex justify-center items-center"
  >
    <div>
      <p
        className="text-black font-bold mb-4"
      >
        Welcome to your NextJS application!
      </p>
      <p
        className="text-black flex justify-around"
      />
    </div>
  </main>
</div>
`;
